2026-09-22 20:27:39  INFO     line_coin_ver2.phase1_test  Log file riêng cho lần chạy này: C:\Users\ADMIN\Desktop\FPT\LINE_COIN_VER_2\logs\phase1_luongnb3213_at_gmail.com_20260922_202739.log
2026-09-22 20:27:39  INFO     line_coin_ver2.phase1_test  [luongnb3213@gmail.com] display_name='choai' account_password=(từ Excel)
2026-09-22 20:27:40  INFO     line_coin_ver2.phase1_test  Instance 1 chưa chạy, đang khởi động...
2026-09-22 20:27:40  INFO     line_coin_ver2.phase1_test  [luongnb3213@gmail.com] Chờ Xiaowei nhận/boot instance index 1: Không tìm thấy thiết bị Xiaowei khớp với ADB serial `emulator-5556`. Danh sách Xiaowei hiện có (serial/onlySerial): (rỗng).
2026-09-22 20:27:49  INFO     line_coin_ver2.phase1_test  [luongnb3213@gmail.com] Chờ Xiaowei nhận/boot instance index 1: Không tìm thấy thiết bị Xiaowei khớp với ADB serial `emulator-5556`. Danh sách Xiaowei hiện có (serial/onlySerial): (rỗng).
2026-09-22 20:27:59  INFO     line_coin_ver2.phase1_test  [luongnb3213@gmail.com] Chờ Xiaowei nhận/boot instance index 1: Không tìm thấy thiết bị Xiaowei khớp với ADB serial `emulator-5556`. Danh sách Xiaowei hiện có (serial/onlySerial): (rỗng).
2026-09-22 20:28:09  INFO     line_coin_ver2.phase1_test  [luongnb3213@gmail.com] Chờ Xiaowei nhận/boot instance index 1: Không tìm thấy thiết bị Xiaowei khớp với ADB serial `emulator-5556`. Danh sách Xiaowei hiện có (serial/onlySerial): (rỗng).
2026-09-22 20:28:18  INFO     line_coin_ver2.phase1_test  [luongnb3213@gmail.com] Chờ Xiaowei nhận/boot instance index 1: Không tìm thấy thiết bị Xiaowei khớp với ADB serial `emulator-5556`. Danh sách Xiaowei hiện có (serial/onlySerial): (rỗng).
2026-09-22 20:28:25  INFO     line_coin_ver2.device  Đã map: LDPlayer[1] `LineViet-g01` -> adb=emulator-5556 -> xiaowei serial=emulator-5556 onlySerial=emulator-5556 model=PJD110
2026-09-22 20:28:25  INFO     line_coin_ver2.phase1_line  [luongnb3213@gmail.com] Bắt đầu Phase 1: ldplayer_index=1 instance=LineViet-g01 adb_serial=emulator-5556 xiaowei_serial=emulator-5556
2026-09-22 20:28:25  INFO     line_coin_ver2.phase1_line  [luongnb3213@gmail.com] 1. Mở LINE...
2026-09-22 20:28:31  INFO     line_coin_ver2.phase1_line  [luongnb3213@gmail.com] App đã lên màn đăng ký.
2026-09-22 20:28:46  INFO     line_coin_ver2.phase1_line  [luongnb3213@gmail.com] tap(sign-up) text='Sign up' bounds=[323,1199][397,1225] target_bounds=[24,1176][696,1248] center=(360,1212)
2026-09-22 20:28:46  INFO     line_coin_ver2.device  Tap node View [24,1176][696,1248] tại (360, 1212)
2026-09-22 20:28:47  INFO     line_coin_ver2.phase1_line  [luongnb3213@gmail.com] tapped(sign-up) center=(360,1212)
2026-09-22 20:28:57  INFO     line_coin_ver2.phase1_line  [luongnb3213@gmail.com] Đang ở màn 'Verify your account'.
2026-09-22 20:28:57  INFO     line_coin_ver2.phase1_line  [luongnb3213@gmail.com] 2. Đăng nhập Google...
2026-09-22 20:29:01  INFO     line_coin_ver2.phase1_line  [luongnb3213@gmail.com] tap(continue-with-google) text='Continue with Google' bounds=[24,1188][696,1260] target_bounds=[24,1188][696,1260] center=(360,1224)
2026-09-22 20:29:01  INFO     line_coin_ver2.device  Tap node Button text="Continue with Google" id=google_login [24,1188][696,1260] tại (360, 1224)
2026-09-22 20:29:01  INFO     line_coin_ver2.phase1_line  [luongnb3213@gmail.com] tapped(continue-with-google) center=(360,1224)
2026-09-22 20:29:01  INFO     line_coin_ver2.phase1_line  [luongnb3213@gmail.com] Đã bấm 'Continue with Google', chờ bộ chọn tài khoản...
2026-09-22 20:29:09  INFO     line_coin_ver2.phase1_line  [luongnb3213@gmail.com] tap(select-google-account) text='luongnb3213@gmail.com' bounds=[150,725][359,752] target_bounds=[54,675][666,770] center=(254,738)
2026-09-22 20:29:09  INFO     line_coin_ver2.device  Tap node LinearLayout id=container [54,675][666,770] tại (254, 738)
2026-09-22 20:29:09  INFO     line_coin_ver2.phase1_line  [luongnb3213@gmail.com] tapped(select-google-account) center=(254,738)
2026-09-22 20:29:21  INFO     line_coin_ver2.phase1_line  [luongnb3213@gmail.com] Đã qua SSO, tới màn 'Create a new account'.
2026-09-22 20:29:21  INFO     line_coin_ver2.phase1_line  [luongnb3213@gmail.com] 3. Điền hồ sơ...
2026-09-22 20:29:25  INFO     line_coin_ver2.phase1_line  [luongnb3213@gmail.com] Điền tên hiển thị: choai
2026-09-22 20:29:25  INFO     line_coin_ver2.device  Tap node EditText text="What's your name?" id=edit_text [36,561][684,629] tại (360, 595)
2026-09-22 20:29:30  INFO     line_coin_ver2.phase1_line  [luongnb3213@gmail.com] tap(name-next) text='' bounds=[603,1163][684,1244] target_bounds=[603,1163][684,1244] center=(643,1203)
2026-09-22 20:29:30  INFO     line_coin_ver2.device  Tap node FloatingActionButton id=next desc="Next" [603,1163][684,1244] tại (643, 1203)
2026-09-22 20:29:30  INFO     line_coin_ver2.phase1_line  [luongnb3213@gmail.com] tapped(name-next) center=(643,1203)
2026-09-22 20:29:35  INFO     line_coin_ver2.phase1_line  [luongnb3213@gmail.com] 4. Đặt mật khẩu...
2026-09-22 20:29:42  INFO     line_coin_ver2.phase1_line  [luongnb3213@gmail.com] Điền password (10 ký tự).
2026-09-22 20:29:42  INFO     line_coin_ver2.device  Tap node EditText text="Password" id=edit_text desc="Password" [36,495][634,563] tại (335, 529)
2026-09-22 20:29:46  INFO     line_coin_ver2.phase1_line  [luongnb3213@gmail.com] Điền reenter-password (10 ký tự).
2026-09-22 20:29:46  INFO     line_coin_ver2.device  Tap node EditText text="Reenter password" id=edit_text desc="Reenter password" [36,596][634,664] tại (335, 630)
2026-09-22 20:29:50  INFO     line_coin_ver2.phase1_line  [luongnb3213@gmail.com] tap(password-next) text='' bounds=[603,1163][684,1244] target_bounds=[603,1163][684,1244] center=(643,1203)
2026-09-22 20:29:50  INFO     line_coin_ver2.device  Tap node FloatingActionButton id=next desc="Next" [603,1163][684,1244] tại (643, 1203)
2026-09-22 20:29:50  INFO     line_coin_ver2.phase1_line  [luongnb3213@gmail.com] tapped(password-next) center=(643,1203)
2026-09-22 20:29:55  INFO     line_coin_ver2.phase1_line  [luongnb3213@gmail.com] 5. Chờ đồng bộ tài khoản...
2026-09-22 20:30:21  INFO     line_coin_ver2.phase1_line  [luongnb3213@gmail.com] Đồng bộ xong.
2026-09-22 20:30:21  INFO     line_coin_ver2.phase1_line  [luongnb3213@gmail.com] 6. Dẹp popup sau đăng ký, chờ vào màn chính...
2026-09-22 20:30:26  INFO     line_coin_ver2.phase1_line  [luongnb3213@gmail.com] Đóng popup: 'Close'
2026-09-22 20:30:26  INFO     line_coin_ver2.phase1_line  [luongnb3213@gmail.com] tap(decline-popup) text='Close' bounds=[204,878][516,947] target_bounds=[204,878][516,947] center=(360,912)
2026-09-22 20:30:26  INFO     line_coin_ver2.device  Tap node Button text="Close" id=secondary_button [204,878][516,947] tại (360, 912)
2026-09-22 20:30:26  INFO     line_coin_ver2.phase1_line  [luongnb3213@gmail.com] tapped(decline-popup) center=(360,912)
2026-09-22 20:30:34  INFO     line_coin_ver2.phase1_line  [luongnb3213@gmail.com] Đóng popup: 'Cancel'
2026-09-22 20:30:34  INFO     line_coin_ver2.phase1_line  [luongnb3213@gmail.com] tap(decline-popup) text='Cancel' bounds=[173,826][348,880] target_bounds=[173,826][348,880] center=(260,853)
2026-09-22 20:30:34  INFO     line_coin_ver2.device  Tap node Button text="Cancel" id=common_dialog_cancel_btn [173,826][348,880] tại (260, 853)
2026-09-22 20:30:34  INFO     line_coin_ver2.phase1_line  [luongnb3213@gmail.com] tapped(decline-popup) center=(260,853)
2026-09-22 20:30:40  INFO     line_coin_ver2.phase1_line  [luongnb3213@gmail.com] Màn hướng dẫn không có nút từ chối (com.linecorp.line.notification.permission.NotificationPermissionGuideActivity) — bấm Back.
2026-09-22 20:30:47  INFO     line_coin_ver2.phase1_line  [luongnb3213@gmail.com] Đã ở màn chính LINE.
2026-09-22 20:30:47  INFO     line_coin_ver2.phase1_line  [luongnb3213@gmail.com] Phase 1 THÀNH CÔNG — đã ở màn chính LINE.
2026-09-22 20:30:47  INFO     line_coin_ver2.xlsx_store  [luongnb3213@gmail.com] Đã ghi Excel: line_status=SUCCESS -> C:\Users\ADMIN\Downloads\lineviet_test_3_accounts.xlsx
2026-09-22 20:30:47  INFO     line_coin_ver2.phase1_test  [luongnb3213@gmail.com] Dọn dẹp: force-stop LINE (chỉ stop app).
2026-09-22 20:30:47  INFO     line_coin_ver2.phase1_test  [luongnb3213@gmail.com] Đã force-stop LINE.
2026-09-22 20:30:47  INFO     line_coin_ver2.phase1_test  [luongnb3213@gmail.com] Phase 1 thành công — chạy tiếp Phase 2 (source=both)...
